// Jest Snapshot v1, https://goo.gl/fbAQLP

exports[`The CountDown Component should render correctly 1`] = `
<React.Fragment>
  <div
    className="CountDown"
  >
    <div
      className="time-block"
    >
      <h4>
        3449
      </h4>
      <span>
        Days
      </span>
    </div>
    <div
      className="time-block"
    >
      <h4>
        0
      </h4>
      <span>
        Hours
      </span>
    </div>
    <div
      className="time-block"
    >
      <h4>
        23
      </h4>
      <span>
        Minutes
      </span>
    </div>
    <div
      className="time-block"
    >
      <h4>
        20
      </h4>
      <span>
        Seconds
      </span>
    </div>
  </div>
  <h6 />
</React.Fragment>
`;
